price_history/medium_sales/ex9-22_Reverse_Holofoil.csv
start_date,end_date,price,quantity_sold
2023-12-05,2023-12-11,15.7,0
2023-12-12,2023-12-18,15.7,0
2023-12-19,2023-12-25,15.7,0
2023-12-26,2024-01-01,15.7,0
2024-01-02,2024-01-08,14.78,1
2024-01-09,2024-01-15,14.78,0
2024-01-16,2024-01-22,14.78,0
2024-01-23,2024-01-29,14.78,0
2024-01-30,2024-02-05,14.78,0
2024-02-06,2024-02-12,14.78,0
2024-02-13,2024-02-19,14.78,0
2024-02-20,2024-02-26,14.78,0
2024-02-27,2024-03-04,14.78,0
2024-03-05,2024-03-11,14.78,0
2024-03-12,2024-03-18,14.78,0
2024-03-19,2024-03-25,14.78,0
2024-03-26,2024-04-01,14.78,0
2024-04-02,2024-04-08,14.78,0
2024-04-09,2024-04-15,14.78,0
2024-04-16,2024-04-22,14.78,0
2024-04-23,2024-04-29,14.78,0
2024-04-30,2024-05-06,14.78,0
2024-05-07,2024-05-13,14.78,0
2024-05-14,2024-05-20,14.78,0
2024-05-21,2024-05-27,14.78,0
2024-05-28,2024-06-03,14.78,0
2024-06-04,2024-06-10,14.78,0
2024-06-11,2024-06-17,14.78,0
2024-06-18,2024-06-24,14.78,0
2024-06-25,2024-07-01,14.78,0
2024-07-02,2024-07-08,14.78,0
2024-07-09,2024-07-15,14.78,0
2024-07-16,2024-07-22,14.78,0
2024-07-23,2024-07-29,14.78,0
2024-07-30,2024-08-05,14.78,0
2024-08-06,2024-08-12,14.78,0
2024-08-13,2024-08-19,14.78,0
2024-08-20,2024-08-26,14.78,0
2024-08-27,2024-09-02,14.78,0
2024-09-03,2024-09-09,1.97,1
2024-09-10,2024-09-16,1.97,0
2024-09-17,2024-09-23,8.35,1
2024-09-24,2024-09-30,8.35,0
2024-10-01,2024-10-07,8.35,0
2024-10-08,2024-10-14,8.35,0
2024-10-15,2024-10-21,8.35,0
2024-10-22,2024-10-28,8.35,0
2024-10-29,2024-11-04,8.36,1
2024-11-05,2024-11-11,8.36,1
2024-11-12,2024-11-18,8.36,0
2024-11-19,2024-11-25,8.36,0
2024-11-26,2024-12-02,8.36,0
